// Jest Snapshot v1, https://goo.gl/fbAQLP

exports[`Header should render properly 1`] = `
.c4 {
  margin: 0;
  color: inherit;
  font-size: 1.8rem;
  font-weight: 700;
  -webkit-letter-spacing: -0.02rem;
  -moz-letter-spacing: -0.02rem;
  -ms-letter-spacing: -0.02rem;
  letter-spacing: -0.02rem;
  line-height: 2.4rem;
  text-align: initial;
}

.c7 {
  margin: 0;
  color: inherit;
  font-size: 1.4rem;
  font-weight: 700;
  -webkit-letter-spacing: 0rem;
  -moz-letter-spacing: 0rem;
  -ms-letter-spacing: 0rem;
  letter-spacing: 0rem;
  line-height: 2.2rem;
  text-align: initial;
  text-transform: uppercase;
}

.c6 {
  display: inline-block;
  text-align: center;
  width: 4rem;
  height: 4rem;
  border-radius: 50%;
  overflow: hidden;
  cursor: inherit;
  color: #126AFA;
  background: #E7F0FF;
  -webkit-user-select: none;
  -moz-user-select: none;
  -ms-user-select: none;
  user-select: none;
}

.c6 .c3 {
  line-height: 4rem;
  font-size: 1.6rem;
  font-weight: 400;
  font-family: Open Sans;
}

.c6 img {
  width: 4rem;
  height: 4rem;
  object-fit: cover;
  border: 0.1rem solid #dfe4e9;
  box-sizing: border-box;
  border-radius: 50%;
}

.c0 {
  display: -webkit-box;
  display: -webkit-flex;
  display: -ms-flexbox;
  display: flex;
  -webkit-flex-direction: column;
  -ms-flex-direction: column;
  flex-direction: column;
  padding: 2rem;
  position: fixed;
  z-index: 1001;
  top: 0;
  right: 0;
}

.c0 > * + * {
  margin-top: 2rem;
}

.c1 {
  min-height: 72px;
  background-color: white;
  padding: 0 2%;
  box-shadow: 0 2px 8 rgba(176,188,200,0.2);
  display: -webkit-box;
  display: -webkit-flex;
  display: -ms-flexbox;
  display: flex;
  -webkit-align-items: center;
  -webkit-box-align: center;
  -ms-flex-align: center;
  align-items: center;
  -webkit-box-pack: justify;
  -webkit-justify-content: space-between;
  -ms-flex-pack: justify;
  justify-content: space-between;
}

.c2 {
  display: -webkit-box;
  display: -webkit-flex;
  display: -ms-flexbox;
  display: flex;
  -webkit-align-items: center;
  -webkit-box-align: center;
  -ms-flex-align: center;
  align-items: center;
}

.c2 > * {
  margin-right: 0.8rem;
}

.c5 {
  display: -webkit-box;
  display: -webkit-flex;
  display: -ms-flexbox;
  display: flex;
  -webkit-align-items: center;
  -webkit-box-align: center;
  -ms-flex-align: center;
  align-items: center;
}

.c5 > * {
  margin-left: 0.8rem;
}

<div>
  <div
    class="c0"
  />
  <header
    class="c1"
  >
    <div
      class="c2"
    >
      <h4
        class="c3 c4"
      >
        Boilerplate
      </h4>
    </div>
    <div
      class="c5"
    >
      <div
        class="c6"
      >
        <strong
          class="c3 c7"
        >
          JD
        </strong>
      </div>
    </div>
  </header>
</div>
`;
